{
  "graphSchemaRepresentation": {
    "version": "repo-test",
    "graphSchema": {
      "nodeLabels": [],
      "relationshipTypes": [],
      "nodeObjectTypes": [],
      "relationshipObjectTypes": [],
      "constraints": [],
      "indexes": []
    }
  }
}
