{
  "graphSchemaRepresentation": {
    "version": "repo-test",
    "graphSchema": {
      "nodeLabels": [
        {
          "$id": "Movie",
          "token": "Movie",
          "properties": [
            {
              "$id": "Movie_released",
              "type": {
                "type": "integer"
              },
              "token": "released",
              "nullable": false
            },
            {
              "$id": "Movie_tagline",
              "type": {
                "type": "string"
              },
              "token": "tagline",
              "nullable": true
            },
            {
              "$id": "Movie_title",
              "type": {
                "type": "string"
              },
              "token": "title",
              "nullable": false
            }
          ]
        },
        {
          "$id": "Person",
          "token": "Person",
          "properties": [
            {
              "$id": "Person_born",
              "type": {
                "type": "integer"
              },
              "token": "born",
              "nullable": true
            },
            {
              "$id": "Person_name",
              "type": {
                "type": "string"
              },
              "token": "name",
              "nullable": false
            }
          ]
        }
      ],
      "relationshipTypes": [
        {
          "$id": "ACTED_IN",
          "token": "ACTED_IN",
          "properties": [
            {
              "$id": "ACTED_IN_roles",
              "type": {
                "type": "array",
                "items": {
                  "type": "string"
                }
              },
              "token": "roles",
              "nullable": false
            }
          ]
        },
        {
          "$id": "DIRECTED",
          "token": "DIRECTED",
          "properties": []
        },
        {
          "$id": "FOLLOWS",
          "token": "FOLLOWS",
          "properties": []
        },
        {
          "$id": "PRODUCED",
          "token": "PRODUCED",
          "properties": []
        },
        {
          "$id": "REVIEWED",
          "token": "REVIEWED",
          "properties": [
            {
              "$id": "REVIEWED_rating",
              "type": {
                "type": "integer"
              },
              "token": "rating",
              "nullable": false
            },
            {
              "$id": "REVIEWED_summary",
              "type": {
                "type": "string"
              },
              "token": "summary",
              "nullable": false
            }
          ]
        },
        {
          "$id": "WROTE",
          "token": "WROTE",
          "properties": []
        }
      ],
      "nodeObjectTypes": [
        {
          "$id": "n:Movie",
          "labels": [
            {
              "$ref": "#Movie"
            }
          ]
        },
        {
          "$id": "n:Person",
          "labels": [
            {
              "$ref": "#Person"
            }
          ]
        }
      ],
      "relationshipObjectTypes": [
        {
          "$id": "Person-ACTED_IN-Movie",
          "type": {
            "$ref": "#ACTED_IN"
          },
          "from": {
            "$ref": "#n:Person"
          },
          "to": {
            "$ref": "#n:Movie"
          }
        },
        {
          "$id": "Person-DIRECTED-Movie",
          "type": {
            "$ref": "#DIRECTED"
          },
          "from": {
            "$ref": "#n:Person"
          },
          "to": {
            "$ref": "#n:Movie"
          }
        },
        {
          "$id": "Person-FOLLOWS-Person",
          "type": {
            "$ref": "#FOLLOWS"
          },
          "from": {
            "$ref": "#n:Person"
          },
          "to": {
            "$ref": "#n:Person"
          }
        },
        {
          "$id": "Person-PRODUCED-Movie",
          "type": {
            "$ref": "#PRODUCED"
          },
          "from": {
            "$ref": "#n:Person"
          },
          "to": {
            "$ref": "#n:Movie"
          }
        },
        {
          "$id": "Person-REVIEWED-Movie",
          "type": {
            "$ref": "#REVIEWED"
          },
          "from": {
            "$ref": "#n:Person"
          },
          "to": {
            "$ref": "#n:Movie"
          }
        },
        {
          "$id": "Person-WROTE-Movie",
          "type": {
            "$ref": "#WROTE"
          },
          "from": {
            "$ref": "#n:Person"
          },
          "to": {
            "$ref": "#n:Movie"
          }
        }
      ],
      "constraints": [],
      "indexes": []
    }
  }
}
