{
  "graphSchemaRepresentation": {
    "version": "0.0.1",
    "graphSchema": {
      "nodeLabels": [
        {
          "$id": "Node",
          "token": "Node"
        }
      ],
      "relationshipTypes": [],
      "nodeObjectTypes": [
        {
          "$id": "n:Node",
          "labels": [
            {
              "$ref": "#Node"
            }
          ],
          "properties": [
            {
              "token": "prop1",
              "type": [
                {
                  "type": "array",
                  "items": {
                    "type": "string"
                  }
                },
                {
                  "type": "integer"
                },
                {
                  "type": "string"
                },
                {
                  "type": "float"
                }
              ],
              "nullable": false
            }
          ]
        }
      ],
      "relationshipObjectTypes": []
    }
  }
}