{
  "graphSchemaRepresentation": {
    "version": "repo-test",
    "graphSchema": {
      "nodeLabels": [
        {
          "$id": "Label-1",
          "token": "Label-1",
          "properties": [
            {
              "$id": "Label-1_prop",
              "type": {
                "type": "array",
                "items": {
                  "type": "integer"
                }
              },
              "token": "prop",
              "nullable": false
            }
          ]
        },
        {
          "$id": "Label-2",
          "token": "Label-2",
          "properties": [
            {
              "$id": "Label-2_prop",
              "type": {
                "type": "array",
                "items": {
                  "type": "integer"
                }
              },
              "token": "prop",
              "nullable": false
            }
          ]
        },
        {
          "$id": "Spec`ial",
          "token": "Spec`ial",
          "properties": [
            {
              "$id": "Spec`ial_na`me",
              "type": {
                "type": "string"
              },
              "token": "na`me",
              "nullable": false
            }
          ]
        }
      ],
      "relationshipTypes": [],
      "nodeObjectTypes": [
        {
          "$id": "n:Label-1:Label-2",
          "labels": [
            {
              "$ref": "#Label-1"
            },
            {
              "$ref": "#Label-2"
            }
          ]
        },
        {
          "$id": "n:Spec`ial",
          "labels": [
            {
              "$ref": "#Spec`ial"
            }
          ]
        }
      ],
      "relationshipObjectTypes": [],
      "constraints": []
    }
  }
}
