{
  "graphSchemaRepresentation": {
    "version": "repo-test",
    "graphSchema": {
      "nodeLabels": [
        {
          "$id": "Genre",
          "token": "Genre",
          "properties": [
            {
              "$id": "Genre_name",
              "type": {
                "type": "string"
              },
              "token": "name",
              "nullable": false
            }
          ]
        },
        {
          "$id": "Movie",
          "token": "Movie",
          "properties": [
            {
              "$id": "Movie_title",
              "type": {
                "type": "string"
              },
              "token": "title",
              "nullable": false
            }
          ]
        },
        {
          "$id": "Person",
          "token": "Person",
          "properties": [
            {
              "$id": "Person_name",
              "type": {
                "type": "string"
              },
              "token": "name",
              "nullable": false
            }
          ]
        }
      ],
      "relationshipTypes": [],
      "nodeObjectTypes": [
        {
          "$id": "n:Genre",
          "labels": [
            {
              "$ref": "#Genre"
            }
          ]
        },
        {
          "$id": "n:Movie",
          "labels": [
            {
              "$ref": "#Movie"
            }
          ]
        },
        {
          "$id": "n:Person",
          "labels": [
            {
              "$ref": "#Person"
            }
          ]
        }
      ],
      "relationshipObjectTypes": [],
      "constraints": []
    }
  }
}
